[www.onsitedetailing.net/index.html]
[backblue.gif]
[fade.gif]
[index.html]
[www.onsitedetailing.net/wp-content/uploads/2016/11/angies-list.png]
[www.onsitedetailing.net/wp-content/plugins/easy-bootstrap-shortcodes/styles/font-awesome.min669d.css]
[www.onsitedetailing.net/wp-content/plugins/slider-wd/css/wds_frontend936b.css]
[www.onsitedetailing.net/feed/index.html]
[www.onsitedetailing.net/wp-content/plugins/slider-wd/css/wds_effects936b.css]
[www.onsitedetailing.net/welcome-to-on-site-detailing/feed/index.html]
[www.onsitedetailing.net/wp-content/plugins/slider-wd/css/font-awesome-4.0.1/font-awesomef39e.css]
[www.onsitedetailing.net/comments/feed/index.html]
[www.onsitedetailing.net/wp-content/plugins/simple-contact-info/css/contact-info-frondend5152.css]
[www.onsitedetailing.net/wp-content/themes/onsitedetailing/style669d.css]
[www.onsitedetailing.net/wp-content/themes/onsitedetailing/css/superfish/DGsuperfish669d.css]
[www.onsitedetailing.net/wp-content/plugins/column-shortcodes/assets/css/shortcodesc47a.css]
[www.onsitedetailing.net/wp-includes/js/jquery/jquery-migrate.min1576.js]
[www.onsitedetailing.net/wp-content/plugins/slider-wd/js/jquery.mobile936b.js]
[www.onsitedetailing.net/wp-includes/js/jquery/jquery4a80.js]
[www.onsitedetailing.net/wp-content/themes/onsitedetailing/js/superfish/hoverIntent669d.js]
[www.onsitedetailing.net/wp-content/themes/onsitedetailing/js/superfish/superfish669d.js]
[www.onsitedetailing.net/wp-content/themes/onsitedetailing/bootstrap/js/bootstrap.min669d.js]
[www.onsitedetailing.net/wp-content/themes/onsitedetailing/js/tinynav669d.js]
[www.onsitedetailing.net/xmlrpc0db0.php]
[www.onsitedetailing.net/wp-includes/wlwmanifest.xml]
[www.onsitedetailing.net/wp-content/themes/onsitedetailing/images/logo-osd.png]
[www.onsitedetailing.net/wp-content/themes/onsitedetailing/social-icons/24/facebook.png]
[www.onsitedetailing.net/about-mobile-auto-detailing/index.html]
[www.onsitedetailing.net/wp-content/themes/onsitedetailing/social-icons/24/twitter.png]
[www.onsitedetailing.net/schedule-appointment/index.html]
[www.onsitedetailing.net/wp-content/themes/onsitedetailing/social-icons/24/instagram.png]
[www.onsitedetailing.net/interior-auto-detailing/index.html]
[www.onsitedetailing.net/wp-content/uploads/slider-wd/carplanerboat.jpg]
[www.onsitedetailing.net/category/auto-detailing-services/index.html]
[www.onsitedetailing.net/ultimate-auto-detail-service/index.html]
[www.onsitedetailing.net/wp-content/uploads/slider-wd/thumb/carplanerboat.jpg]
[www.onsitedetailing.net/full-auto-detail-service/index.html]
[www.onsitedetailing.net/wp-content/uploads/slider-wd/commonemenys.jpg]
[www.onsitedetailing.net/exterior-auto-detailing/index.html]
[www.onsitedetailing.net/wp-content/uploads/slider-wd/thumb/commonemenys.jpg]
[www.onsitedetailing.net/freshen-up-auto-detail-service/index.html]
[www.onsitedetailing.net/wp-content/uploads/slider-wd/leather.jpg]
[www.onsitedetailing.net/category/testimonials/index.html]
[www.onsitedetailing.net/contact-us/index.html]
[www.onsitedetailing.net/wp-content/uploads/slider-wd/thumb/leather.jpg]
[www.onsitedetailing.net/wp-content/uploads/slider-wd/rain-x.jpg]
[www.onsitedetailing.net/special-offers/index.html]
[www.onsitedetailing.net/wp-content/uploads/slider-wd/thumb/rain-x.jpg]
[www.onsitedetailing.net/wp-content/uploads/slider-wd/wecometoyouad.jpg]
[www.onsitedetailing.net/wp-content/uploads/slider-wd/thumb/wecometoyouad.jpg]
[www.onsitedetailing.net/wp-content/plugins/slider-wd/images/ajax_loader.png]
[www.onsitedetailing.net/wp-content/uploads/2015/06/schedule.jpg]
[www.onsitedetailing.net/wp-content/uploads/2015/06/Specials.jpg]
[www.onsitedetailing.net/wp-content/uploads/2015/06/testimonials.jpg]
[www.onsitedetailing.net/wp-content/uploads/2015/06/bigstockphoto_Washing_Car_Close_Up_2938823.jpg]
[www.onsitedetailing.net/wp-content/themes/onsitedetailing/images/cssimgs/icondefault.png]
[www.onsitedetailing.net/wp-content/uploads/2015/06/Cleaning_Headlights.jpg]
[www.onsitedetailing.net/index.html]
[www.onsitedetailing.net/xmlrpc.php]
[www.onsitedetailing.net/wp-content/themes/onsitedetailing/favicon.ico]
[www.onsitedetailing.net/wp-content/plugins/easy-bootstrap-shortcodes/fonts/fontawesome-webfont78ce.eot]
[www.onsitedetailing.net/wp-content/plugins/easy-bootstrap-shortcodes/fonts/fontawesome-webfontd41d.eot]
[www.onsitedetailing.net/wp-content/plugins/easy-bootstrap-shortcodes/fonts/fontawesome-webfont78ce.woff]
[www.onsitedetailing.net/wp-content/plugins/easy-bootstrap-shortcodes/fonts/fontawesome-webfont78ce.ttf]
[www.onsitedetailing.net/wp-content/plugins/easy-bootstrap-shortcodes/styles/font-awesome.min669d.css]
[www.onsitedetailing.net/wp-content/plugins/slider-wd/css/wds_frontend936b.css]
[www.onsitedetailing.net/wp-content/plugins/slider-wd/css/wds_effects936b.css]
[www.onsitedetailing.net/wp-content/plugins/slider-wd/css/font-awesome-4.0.1/fonts/fontawesome-webfont9b1a.eot]
[www.onsitedetailing.net/wp-content/plugins/slider-wd/css/font-awesome-4.0.1/fonts/fontawesome-webfontd41d.eot]
[www.onsitedetailing.net/wp-content/plugins/slider-wd/css/font-awesome-4.0.1/fonts/fontawesome-webfont9b1a.woff]
[www.onsitedetailing.net/wp-content/plugins/slider-wd/css/font-awesome-4.0.1/fonts/fontawesome-webfont9b1a.ttf]
[www.onsitedetailing.net/wp-content/plugins/slider-wd/css/font-awesome-4.0.1/font-awesomef39e.css]
[www.onsitedetailing.net/wp-content/plugins/simple-contact-info/css/contact-info-frondend5152.css]
[www.onsitedetailing.net/wp-content/themes/onsitedetailing/bootstrap/css/bootstrap.css]
[www.onsitedetailing.net/wp-content/themes/onsitedetailing/images/dg-head-banner-bg.png]
[www.onsitedetailing.net/wp-content/themes/onsitedetailing/images/header.jpg]
[www.onsitedetailing.net/wp-content/themes/onsitedetailing/images/midTopBanner-bg.png]
[www.onsitedetailing.net/wp-content/themes/onsitedetailing/images/cssimgs/3-arrows-down.png]
[www.onsitedetailing.net/wp-content/themes/onsitedetailing/images/cssimgs/challenge.jpg]
[www.onsitedetailing.net/wp-content/themes/onsitedetailing/images/cssimgs/footer_03.jpg]
[www.onsitedetailing.net/wp-content/themes/onsitedetailing/images/cssimgs/footer_01.jpg]
[www.onsitedetailing.net/wp-content/themes/onsitedetailing/images/cssimgs/footer_05.jpg]
[www.onsitedetailing.net/wp-content/themes/onsitedetailing/style669d.css]
[www.onsitedetailing.net/wp-content/themes/onsitedetailing/css/superfish/DGsuperfish669d.css]
[www.onsitedetailing.net/wp-content/plugins/column-shortcodes/assets/css/shortcodesc47a.css]
[www.onsitedetailing.net/wp-content/plugins/easy-bootstrap-shortcodes/styles/ebs_dynamic_css669d.css]
[www.onsitedetailing.net/wp-content/uploads/2015/06/auto-detailing7.gif]
[www.onsitedetailing.net/about-mobile-auto-detailing/index.html]
[www.onsitedetailing.net/schedule-appointment/index.html]
[www.onsitedetailing.net/about-mobile-auto-detailing/feed/index.html]
[www.onsitedetailing.net/category/auto-detailing-services/index.html]
[www.onsitedetailing.net/schedule-appointment/feed/index.html]
[www.onsitedetailing.net/interior-auto-detailing/index.html]
[www.onsitedetailing.net/interior-auto-detailing/feed/index.html]
[www.onsitedetailing.net/freshen-up-auto-detail-service/index.html]
[www.onsitedetailing.net/freshen-up-auto-detail-service/feed/index.html]
[www.onsitedetailing.net/ultimate-auto-detail-service/index.html]
[www.onsitedetailing.net/full-auto-detail-service/index.html]
[www.onsitedetailing.net/exterior-auto-detailing/index.html]
[www.onsitedetailing.net/full-auto-detail-service/feed/index.html]
[www.onsitedetailing.net/category/testimonials/index.html]
[www.onsitedetailing.net/category/auto-detailing-services/feed/index.html]
[www.onsitedetailing.net/exterior-auto-detailing/feed/index.html]
[www.onsitedetailing.net/wp-content/plugins/simple-contact-info/icons/twitter/4.png]
[www.onsitedetailing.net/wp-content/plugins/simple-contact-info/icons/facebook/4.png]
[www.onsitedetailing.net/contact-us/feed/index.html]
[www.onsitedetailing.net/category/testimonials/feed/index.html]
[www.onsitedetailing.net/wp-content/plugins/si-contact-form/captcha/securimage_showd79d.png]
[www.onsitedetailing.net/wp-content/plugins/si-contact-form/captcha/securimage_showc479.png]
[www.onsitedetailing.net/wp-content/plugins/si-contact-form/captcha/images/refresh.png]
[www.onsitedetailing.net/wp-content/plugins/simple-contact-info/js/contact-info-googlemap5152.js]
[www.onsitedetailing.net/wp-includes/js/jquery/ui/core.mine899.js]
[www.onsitedetailing.net/contact-us/index.html]
[www.onsitedetailing.net/special-offers/index.html]
[www.onsitedetailing.net/wp-content/plugins/easy-bootstrap-shortcodes/fonts/fontawesome-webfont78ce.svg]
[www.onsitedetailing.net/wp-content/plugins/slider-wd/css/font-awesome-4.0.1/fonts/fontawesome-webfont9b1a.svg]
[www.onsitedetailing.net/wp-content/plugins/si-contact-form/includes/fscf-scripts8a69.js]
[www.onsitedetailing.net/wp-content/themes/onsitedetailing/bootstrap/fonts/glyphicons-halflings-regular.eot]
[www.onsitedetailing.net/wp-content/themes/onsitedetailing/bootstrap/fonts/glyphicons-halflings-regular.woff]
[www.onsitedetailing.net/wp-content/themes/onsitedetailing/bootstrap/fonts/glyphicons-halflings-regulard41d.eot]
[www.onsitedetailing.net/wp-content/themes/onsitedetailing/bootstrap/fonts/glyphicons-halflings-regular.ttf]
[www.onsitedetailing.net/wp-content/themes/onsitedetailing/bootstrap/css/bootstrap.css]
[www.onsitedetailing.net/index905b.html]
[www.onsitedetailing.net/index64b4.html]
[www.onsitedetailing.net/index0e62.html]
[www.onsitedetailing.net/index2dc4.html]
[www.onsitedetailing.net/indexc7e3.html]
[www.onsitedetailing.net/index9cd7.html]
[www.onsitedetailing.net/index970c.html]
[www.onsitedetailing.net/index8ed7.html]
[developers.google.com/maps/documentation/javascript/examples/defaultbf88.css]
[www.onsitedetailing.net/index8320.html]
[www.onsitedetailing.net/wp-content/themes/onsitedetailing/bootstrap/fonts/glyphicons-halflings-regular.svg]
